Archive member included because of file (symbol)

C:/StellarisWare/driverlib/gcc-cm3\libdriver-cm3.a(gpio.o)
                              C:\cygwin\tmp\cc8xfdWR.o (GPIOPadConfigSet)
C:/StellarisWare/driverlib/gcc-cm3\libdriver-cm3.a(interrupt.o)
                              C:/StellarisWare/driverlib/gcc-cm3\libdriver-cm3.a(gpio.o) (IntRegister)
C:/StellarisWare/driverlib/gcc-cm3\libdriver-cm3.a(ssi.o)
                              C:\cygwin\tmp\cc8xfdWR.o (SSIConfigSetExpClk)
C:/StellarisWare/driverlib/gcc-cm3\libdriver-cm3.a(sysctl.o)
                              C:\cygwin\tmp\cckfB6fv.o (SysCtlPeripheralEnable)
C:/StellarisWare/driverlib/gcc-cm3\libdriver-cm3.a(uart.o)
                              C:\cygwin\tmp\cckfB6fv.o (UARTConfigSetExpClk)
C:/StellarisWare/driverlib/gcc-cm3\libdriver-cm3.a(cpu.o)
                              C:/StellarisWare/driverlib/gcc-cm3\libdriver-cm3.a(interrupt.o) (CPUcpsid)
c:/program files (x86)/codesourcery/sourcery g++ lite/bin/../lib/gcc/arm-none-eabi/4.4.1/../../../../arm-none-eabi/lib/thumb2\libc.a(lib_a-errno.o)
                              C:\cygwin\tmp\cc0UzHlc.o (__errno)
c:/program files (x86)/codesourcery/sourcery g++ lite/bin/../lib/gcc/arm-none-eabi/4.4.1/../../../../arm-none-eabi/lib/thumb2\libc.a(lib_a-exit.o)
                              C:\cygwin\tmp\cckfB6fv.o (exit)
c:/program files (x86)/codesourcery/sourcery g++ lite/bin/../lib/gcc/arm-none-eabi/4.4.1/../../../../arm-none-eabi/lib/thumb2\libc.a(lib_a-impure.o)
                              c:/program files (x86)/codesourcery/sourcery g++ lite/bin/../lib/gcc/arm-none-eabi/4.4.1/../../../../arm-none-eabi/lib/thumb2\libc.a(lib_a-errno.o) (_impure_ptr)
c:/program files (x86)/codesourcery/sourcery g++ lite/bin/../lib/gcc/arm-none-eabi/4.4.1/../../../../arm-none-eabi/lib/thumb2\libc.a(lib_a-iprintf.o)
                              C:\cygwin\tmp\cckfB6fv.o (iprintf)
c:/program files (x86)/codesourcery/sourcery g++ lite/bin/../lib/gcc/arm-none-eabi/4.4.1/../../../../arm-none-eabi/lib/thumb2\libc.a(lib_a-malloc.o)
                              C:\cygwin\tmp\cckfB6fv.o (free)
c:/program files (x86)/codesourcery/sourcery g++ lite/bin/../lib/gcc/arm-none-eabi/4.4.1/../../../../arm-none-eabi/lib/thumb2\libc.a(lib_a-mallocr.o)
                              c:/program files (x86)/codesourcery/sourcery g++ lite/bin/../lib/gcc/arm-none-eabi/4.4.1/../../../../arm-none-eabi/lib/thumb2\libc.a(lib_a-malloc.o) (_malloc_r)
c:/program files (x86)/codesourcery/sourcery g++ lite/bin/../lib/gcc/arm-none-eabi/4.4.1/../../../../arm-none-eabi/lib/thumb2\libc.a(lib_a-memset.o)
                              C:\cygwin\tmp\cckfB6fv.o (memset)
c:/program files (x86)/codesourcery/sourcery g++ lite/bin/../lib/gcc/arm-none-eabi/4.4.1/../../../../arm-none-eabi/lib/thumb2\libc.a(lib_a-mlock.o)
                              c:/program files (x86)/codesourcery/sourcery g++ lite/bin/../lib/gcc/arm-none-eabi/4.4.1/../../../../arm-none-eabi/lib/thumb2\libc.a(lib_a-mallocr.o) (__malloc_lock)
c:/program files (x86)/codesourcery/sourcery g++ lite/bin/../lib/gcc/arm-none-eabi/4.4.1/../../../../arm-none-eabi/lib/thumb2\libc.a(lib_a-sbrkr.o)
                              c:/program files (x86)/codesourcery/sourcery g++ lite/bin/../lib/gcc/arm-none-eabi/4.4.1/../../../../arm-none-eabi/lib/thumb2\libc.a(lib_a-mallocr.o) (_sbrk_r)
c:/program files (x86)/codesourcery/sourcery g++ lite/bin/../lib/gcc/arm-none-eabi/4.4.1/../../../../arm-none-eabi/lib/thumb2\libc.a(lib_a-setjmp.o)
                              C:\cygwin\tmp\cckfB6fv.o (setjmp)
c:/program files (x86)/codesourcery/sourcery g++ lite/bin/../lib/gcc/arm-none-eabi/4.4.1/../../../../arm-none-eabi/lib/thumb2\libc.a(lib_a-vfiprintf.o)
                              c:/program files (x86)/codesourcery/sourcery g++ lite/bin/../lib/gcc/arm-none-eabi/4.4.1/../../../../arm-none-eabi/lib/thumb2\libc.a(lib_a-iprintf.o) (_vfiprintf_r)
c:/program files (x86)/codesourcery/sourcery g++ lite/bin/../lib/gcc/arm-none-eabi/4.4.1/../../../../arm-none-eabi/lib/thumb2\libc.a(lib_a-wsetup.o)
                              c:/program files (x86)/codesourcery/sourcery g++ lite/bin/../lib/gcc/arm-none-eabi/4.4.1/../../../../arm-none-eabi/lib/thumb2\libc.a(lib_a-vfiprintf.o) (__swsetup_r)
c:/program files (x86)/codesourcery/sourcery g++ lite/bin/../lib/gcc/arm-none-eabi/4.4.1/../../../../arm-none-eabi/lib/thumb2\libc.a(lib_a-__call_atexit.o)
                              c:/program files (x86)/codesourcery/sourcery g++ lite/bin/../lib/gcc/arm-none-eabi/4.4.1/../../../../arm-none-eabi/lib/thumb2\libc.a(lib_a-exit.o) (__call_exitprocs)
c:/program files (x86)/codesourcery/sourcery g++ lite/bin/../lib/gcc/arm-none-eabi/4.4.1/../../../../arm-none-eabi/lib/thumb2\libc.a(lib_a-atexit.o)
                              c:/program files (x86)/codesourcery/sourcery g++ lite/bin/../lib/gcc/arm-none-eabi/4.4.1/../../../../arm-none-eabi/lib/thumb2\libc.a(lib_a-__call_atexit.o) (atexit)
[...]
Memory Configuration

Name             Origin             Length             Attributes
FLASH            0x00000000         0x00040000         xr
SRAM             0x20000000         0x00010000         xrw
*default*        0x00000000         0xffffffff

Linker script and memory map

LOAD c:/program files (x86)/codesourcery/sourcery g++ lite/bin/../lib/gcc/arm-none-eabi/4.4.1/thumb2/crti.o
LOAD c:/program files (x86)/codesourcery/sourcery g++ lite/bin/../lib/gcc/arm-none-eabi/4.4.1/thumb2/crtbegin.o
LOAD C:\cygwin\tmp\cckfB6fv.o
LOAD C:\cygwin\tmp\ccyXlkyS.o
LOAD C:\cygwin\tmp\cccra1cg.o
LOAD C:\cygwin\tmp\ccabMp8G.o
LOAD C:\cygwin\tmp\cc0UzHlc.o
LOAD C:\cygwin\tmp\cc8xfdWR.o
LOAD C:/StellarisWare/driverlib/gcc-cm3\libdriver-cm3.a
START GROUP
LOAD c:/program files (x86)/codesourcery/sourcery g++ lite/bin/../lib/gcc/arm-none-eabi/4.4.1/thumb2\libgcc.a
LOAD c:/program files (x86)/codesourcery/sourcery g++ lite/bin/../lib/gcc/arm-none-eabi/4.4.1/../../../../arm-none-eabi/lib/thumb2\libc.a
END GROUP
LOAD c:/program files (x86)/codesourcery/sourcery g++ lite/bin/../lib/gcc/arm-none-eabi/4.4.1/thumb2/crtend.o
LOAD c:/program files (x86)/codesourcery/sourcery g++ lite/bin/../lib/gcc/arm-none-eabi/4.4.1/thumb2/crtn.o

.text           0x00000000     0x47b0
                0x00000000                _text = .
 *(.isr_vector)
 .isr_vector    0x00000000       0xf0 C:\cygwin\tmp\ccabMp8G.o
                0x00000000                g_pfnVectors
 *(.text*)
 .text          0x000000f0      0x290 C:\cygwin\tmp\cckfB6fv.o
                0x000000f0                SVCHandle
                0x000000fc                getPriv
                0x00000108                handleSVC
                0x00000188                yield
                0x000001b4                threadStarter
                0x000001e0                scheduler
                0x000002b8                main
 .text          0x00000380       0x10 C:\cygwin\tmp\ccyXlkyS.o
                0x00000380                createThread
 .text          0x00000390       0x48 C:\cygwin\tmp\cccra1cg.o
                0x00000390                thread2
                0x000003b4                thread1
 .text          0x000003d8       0x48 C:\cygwin\tmp\ccabMp8G.o
                0x000003de                ResetISR
 .text          0x00000420       0xb8 C:\cygwin\tmp\cc0UzHlc.o
                0x00000420                _read
                0x00000424                _lseek
                0x00000428                _open
                0x00000430                _close
                0x00000434                _exit
                0x00000436                _kill
                0x0000043a                _getpid
                0x0000043e                _fstat
                0x00000442                _stat
                0x00000448                _link
                0x0000044e                _unlink
                0x00000454                _raise
                0x00000456                _gettimeofday
                0x0000045a                _times
                0x0000045e                _isatty
                0x00000462                _rename
                0x00000472                _system
                0x00000486                _sbrk
                0x000004b8                _write
 .text          0x000004d8      0x368 C:\cygwin\tmp\cc8xfdWR.o
                0x00000518                RIT128x96x4DisplayOff
                0x00000524                RIT128x96x4DisplayOn
                0x00000584                RIT128x96x4ImageDraw
                0x000005ec                RIT128x96x4StringDraw
                0x000006c4                RIT128x96x4Clear
                0x00000718                RIT128x96x4Disable
                0x00000760                RIT128x96x4Enable
                0x000007bc                RIT128x96x4Init
 .text.GPIODirModeSet
                0x00000840       0x2e C:/StellarisWare/driverlib/gcc-cm3\libdriver-cm3.a(gpio.o)
                0x00000840                GPIODirModeSet
 .text.GPIOPadConfigSet
                0x0000086e       0xc8 C:/StellarisWare/driverlib/gcc-cm3\libdriver-cm3.a(gpio.o)
                0x0000086e                GPIOPadConfigSet
 .text.GPIOPinWrite
                0x00000936        0x6 C:/StellarisWare/driverlib/gcc-cm3\libdriver-cm3.a(gpio.o)
                0x00000936                GPIOPinWrite
 .text.GPIOPinTypeGPIOOutput
                0x0000093c       0x1c C:/StellarisWare/driverlib/gcc-cm3\libdriver-cm3.a(gpio.o)
                0x0000093c                GPIOPinTypeGPIOOutput
 .text.GPIOPinTypeSSI
                0x00000958       0x1c C:/StellarisWare/driverlib/gcc-cm3\libdriver-cm3.a(gpio.o)
                0x00000958                GPIOPinTypeSSI
 .text.GPIOPinTypeUART
                0x00000974       0x1c C:/StellarisWare/driverlib/gcc-cm3\libdriver-cm3.a(gpio.o)
                0x00000974                GPIOPinTypeUART
 .text.SSIConfigSetExpClk
                0x00000990       0x4a C:/StellarisWare/driverlib/gcc-cm3\libdriver-cm3.a(ssi.o)
                0x00000990                SSIConfigSetExpClk
 .text.SSIEnable
                0x000009da        0xa C:/StellarisWare/driverlib/gcc-cm3\libdriver-cm3.a(ssi.o)
                0x000009da                SSIEnable
 .text.SSIDisable
                0x000009e4        0xa C:/StellarisWare/driverlib/gcc-cm3\libdriver-cm3.a(ssi.o)
                0x000009e4                SSIDisable
 .text.SSIDataPut
                0x000009ee        0xc C:/StellarisWare/driverlib/gcc-cm3\libdriver-cm3.a(ssi.o)
                0x000009ee                SSIDataPut
 .text.SSIDataGet
                0x000009fa        0xe C:/StellarisWare/driverlib/gcc-cm3\libdriver-cm3.a(ssi.o)
                0x000009fa                SSIDataGet
 .text.SSIDataGetNonBlocking
                0x00000a08       0x14 C:/StellarisWare/driverlib/gcc-cm3\libdriver-cm3.a(ssi.o)
                0x00000a08                SSIDataGetNonBlocking
 .text.SysCtlPeripheralEnable
                0x00000a1c       0x5c C:/StellarisWare/driverlib/gcc-cm3\libdriver-cm3.a(sysctl.o)
                0x00000a1c                SysCtlPeripheralEnable
 .text.SysCtlDelay
                0x00000a78        0x6 C:/StellarisWare/driverlib/gcc-cm3\libdriver-cm3.a(sysctl.o)
                0x00000a78                SysCtlDelay
 *fill*         0x00000a7e        0x2 00
 .text.SysCtlClockSet
                0x00000a80      0x174 C:/StellarisWare/driverlib/gcc-cm3\libdriver-cm3.a(sysctl.o)
                0x00000a80                SysCtlClockSet
 .text.SysCtlClockGet
                0x00000bf4      0x1dc C:/StellarisWare/driverlib/gcc-cm3\libdriver-cm3.a(sysctl.o)
                0x00000bf4                SysCtlClockGet
 .text.UARTEnable
                0x00000dd0       0x16 C:/StellarisWare/driverlib/gcc-cm3\libdriver-cm3.a(uart.o)
                0x00000dd0                UARTEnable
 .text.UARTDisable
                0x00000de6       0x1e C:/StellarisWare/driverlib/gcc-cm3\libdriver-cm3.a(uart.o)
                0x00000de6                UARTDisable
 .text.UARTConfigSetExpClk
                0x00000e04       0x4e C:/StellarisWare/driverlib/gcc-cm3\libdriver-cm3.a(uart.o)
                0x00000e04                UARTConfigSetExpClk
 .text.UARTCharPut
                0x00000e52        0xc C:/StellarisWare/driverlib/gcc-cm3\libdriver-cm3.a(uart.o)
                0x00000e52                UARTCharPut
 *fill*         0x00000e5e        0x2 00
 .text          0x00000e60        0xc c:/program files (x86)/codesourcery/sourcery g++ lite/bin/../lib/gcc/arm-none-eabi/4.4.1/../../../../arm-none-eabi/lib/thumb2\libc.a(lib_a-errno.o)
                0x00000e60                __errno
 .text          0x00000e6c       0x20 c:/program files (x86)/codesourcery/sourcery g++ lite/bin/../lib/gcc/arm-none-eabi/4.4.1/../../../../arm-none-eabi/lib/thumb2\libc.a(lib_a-exit.o)
                0x00000e6c                exit
 .text          0x00000e8c       0x64 c:/program files (x86)/codesourcery/sourcery g++ lite/bin/../lib/gcc/arm-none-eabi/4.4.1/../../../../arm-none-eabi/lib/thumb2\libc.a(lib_a-iprintf.o)
                0x00000e8c                _iprintf_r
                0x00000eb8                iprintf
 .text          0x00000ef0       0x20 c:/program files (x86)/codesourcery/sourcery g++ lite/bin/../lib/gcc/arm-none-eabi/4.4.1/../../../../arm-none-eabi/lib/thumb2\libc.a(lib_a-malloc.o)
                0x00000ef0                free
                0x00000f00                malloc
 .text          0x00000f10      0x5a4 c:/program files (x86)/codesourcery/sourcery g++ lite/bin/../lib/gcc/arm-none-eabi/4.4.1/../../../../arm-none-eabi/lib/thumb2\libc.a(lib_a-mallocr.o)
                0x00000f10                _malloc_r
 .text          0x000014b4       0xd4 c:/program files (x86)/codesourcery/sourcery g++ lite/bin/../lib/gcc/arm-none-eabi/4.4.1/../../../../arm-none-eabi/lib/thumb2\libc.a(lib_a-memset.o)
                0x000014b4                memset
 .text          0x00001588        0x8 c:/program files (x86)/codesourcery/sourcery g++ lite/bin/../lib/gcc/arm-none-eabi/4.4.1/../../../../arm-none-eabi/lib/thumb2\libc.a(lib_a-mlock.o)
                0x00001588                __malloc_lock
                0x0000158c                __malloc_unlock
 .text          0x00001590       0x28 c:/program files (x86)/codesourcery/sourcery g++ lite/bin/../lib/gcc/arm-none-eabi/4.4.1/../../../../arm-none-eabi/lib/thumb2\libc.a(lib_a-sbrkr.o)
                0x00001590                _sbrk_r
 .text          0x000015b8       0x1c c:/program files (x86)/codesourcery/sourcery g++ lite/bin/../lib/gcc/arm-none-eabi/4.4.1/../../../../arm-none-eabi/lib/thumb2\libc.a(lib_a-setjmp.o)
                0x000015b8                setjmp
                0x000015c4                longjmp
 .text          0x000015d4      0xd38 c:/program files (x86)/codesourcery/sourcery g++ lite/bin/../lib/gcc/arm-none-eabi/4.4.1/../../../../arm-none-eabi/lib/thumb2\libc.a(lib_a-vfiprintf.o)
                0x000015f0                _vfiprintf_r
                0x000022f0                vfiprintf
 .text          0x0000230c      0x104 c:/program files (x86)/codesourcery/sourcery g++ lite/bin/../lib/gcc/arm-none-eabi/4.4.1/../../../../arm-none-eabi/lib/thumb2\libc.a(lib_a-wsetup.o)
                0x0000230c                __swsetup_r
 .text          0x00002410      0x130 c:/program files (x86)/codesourcery/sourcery g++ lite/bin/../lib/gcc/arm-none-eabi/4.4.1/../../../../arm-none-eabi/lib/thumb2\libc.a(lib_a-__call_atexit.o)
                0x00002410                __call_exitprocs
 .text          0x00002540        0xc c:/program files (x86)/codesourcery/sourcery g++ lite/bin/../lib/gcc/arm-none-eabi/4.4.1/../../../../arm-none-eabi/lib/thumb2\libc.a(lib_a-atexit.o)
                0x00002540                atexit
 .text          0x0000254c      0x178 c:/program files (x86)/codesourcery/sourcery g++ lite/bin/../lib/gcc/arm-none-eabi/4.4.1/../../../../arm-none-eabi/lib/thumb2\libc.a(lib_a-fflush.o)
                0x0000254c                _fflush_r
                0x0000269c                fflush
 .text          0x000026c4      0x1c8 c:/program files (x86)/codesourcery/sourcery g++ lite/bin/../lib/gcc/arm-none-eabi/4.4.1/../../../../arm-none-eabi/lib/thumb2\libc.a(lib_a-findfp.o)
                0x000026c4                __sfp_lock_acquire
                0x000026c8                __sfp_lock_release
                0x000026cc                __sinit_lock_acquire
                0x000026d0                __sinit_lock_release
                0x000026dc                __fp_unlock_all
                0x000026f4                __fp_lock_all
                0x0000270c                _cleanup_r
                0x00002718                _cleanup
                0x00002774                __sfmoreglue
                0x000027a4                __sfp
                0x0000282c                __sinit
 .text          0x0000288c       0x30 c:/program files (x86)/codesourcery/sourcery g++ lite/bin/../lib/gcc/arm-none-eabi/4.4.1/../../../../arm-none-eabi/lib/thumb2\libc.a(lib_a-fini.o)
                0x0000288c                __libc_fini_array
 .text          0x000028bc      0x268 c:/program files (x86)/codesourcery/sourcery g++ lite/bin/../lib/gcc/arm-none-eabi/4.4.1/../../../../arm-none-eabi/lib/thumb2\libc.a(lib_a-freer.o)
                0x000028bc                _malloc_trim_r
                0x00002964                _free_r
 .text          0x00002b24      0x334 c:/program files (x86)/codesourcery/sourcery g++ lite/bin/../lib/gcc/arm-none-eabi/4.4.1/../../../../arm-none-eabi/lib/thumb2\libc.a(lib_a-fvwrite.o)
                0x00002b24                __sfvwrite_r
 .text          0x00002e58       0xa0 c:/program files (x86)/codesourcery/sourcery g++ lite/bin/../lib/gcc/arm-none-eabi/4.4.1/../../../../arm-none-eabi/lib/thumb2\libc.a(lib_a-fwalk.o)
                0x00002e58                _fwalk_reent
                0x00002eac                _fwalk
 .text          0x00002ef8       0xdc c:/program files (x86)/codesourcery/sourcery g++ lite/bin/../lib/gcc/arm-none-eabi/4.4.1/../../../../arm-none-eabi/lib/thumb2\libc.a(lib_a-makebuf.o)
                0x00002ef8                __smakebuf_r
 .text          0x00002fd4       0x74 c:/program files (x86)/codesourcery/sourcery g++ lite/bin/../lib/gcc/arm-none-eabi/4.4.1/../../../../arm-none-eabi/lib/thumb2\libc.a(lib_a-memchr.o)
                0x00002fd4                memchr
 .text          0x00003048      0x190 c:/program files (x86)/codesourcery/sourcery g++ lite/bin/../lib/gcc/arm-none-eabi/4.4.1/../../../../arm-none-eabi/lib/thumb2\libc.a(lib_a-memcpy.o)
                0x00003048                memcpy
 .text          0x000031d8       0xb8 c:/program files (x86)/codesourcery/sourcery g++ lite/bin/../lib/gcc/arm-none-eabi/4.4.1/../../../../arm-none-eabi/lib/thumb2\libc.a(lib_a-memmove.o)
                0x000031d8                memmove
 .text          0x00003290      0x3b4 c:/program files (x86)/codesourcery/sourcery g++ lite/bin/../lib/gcc/arm-none-eabi/4.4.1/../../../../arm-none-eabi/lib/thumb2\libc.a(lib_a-reallocr.o)
                0x00003290                _realloc_r
 .text          0x00003644       0x90 c:/program files (x86)/codesourcery/sourcery g++ lite/bin/../lib/gcc/arm-none-eabi/4.4.1/../../../../arm-none-eabi/lib/thumb2\libc.a(lib_a-stdio.o)
                0x00003644                __sclose
                0x0000364c                __sseek
                0x00003674                __swrite
                0x000036b0                __sread
 .text          0x000036d4       0x60 c:/program files (x86)/codesourcery/sourcery g++ lite/bin/../lib/gcc/arm-none-eabi/4.4.1/../../../../arm-none-eabi/lib/thumb2\libc.a(lib_a-strlen.o)
                0x000036d4                strlen
 .text          0x00003734       0x2c c:/program files (x86)/codesourcery/sourcery g++ lite/bin/../lib/gcc/arm-none-eabi/4.4.1/../../../../arm-none-eabi/lib/thumb2\libc.a(lib_a-writer.o)
                0x00003734                _write_r
 .text          0x00003760       0xe8 c:/program files (x86)/codesourcery/sourcery g++ lite/bin/../lib/gcc/arm-none-eabi/4.4.1/../../../../arm-none-eabi/lib/thumb2\libc.a(lib_a-__atexit.o)
                0x00003760                __register_exitproc
 .text          0x00003848       0x28 c:/program files (x86)/codesourcery/sourcery g++ lite/bin/../lib/gcc/arm-none-eabi/4.4.1/../../../../arm-none-eabi/lib/thumb2\libc.a(lib_a-closer.o)
                0x00003848                _close_r
 .text          0x00003870       0xcc c:/program files (x86)/codesourcery/sourcery g++ lite/bin/../lib/gcc/arm-none-eabi/4.4.1/../../../../arm-none-eabi/lib/thumb2\libc.a(lib_a-fclose.o)
                0x00003870                _fclose_r
                0x0000392c                fclose
 .text          0x0000393c       0x2c c:/program files (x86)/codesourcery/sourcery g++ lite/bin/../lib/gcc/arm-none-eabi/4.4.1/../../../../arm-none-eabi/lib/thumb2\libc.a(lib_a-fstatr.o)
                0x0000393c                _fstat_r
 .text          0x00003968       0x28 c:/program files (x86)/codesourcery/sourcery g++ lite/bin/../lib/gcc/arm-none-eabi/4.4.1/../../../../arm-none-eabi/lib/thumb2\libc.a(lib_a-isattyr.o)
                0x00003968                _isatty_r
 .text          0x00003990       0x2c c:/program files (x86)/codesourcery/sourcery g++ lite/bin/../lib/gcc/arm-none-eabi/4.4.1/../../../../arm-none-eabi/lib/thumb2\libc.a(lib_a-lseekr.o)
                0x00003990                _lseek_r
 .text          0x000039bc       0x2c c:/program files (x86)/codesourcery/sourcery g++ lite/bin/../lib/gcc/arm-none-eabi/4.4.1/../../../../arm-none-eabi/lib/thumb2\libc.a(lib_a-readr.o)
                0x000039bc                _read_r
 .text          0x000039e8       0x2c c:/program files (x86)/codesourcery/sourcery g++ lite/bin/../lib/gcc/arm-none-eabi/4.4.1/thumb2\libgcc.a(_aeabi_uldivmod.o)
                0x000039e8                __aeabi_uldivmod
 .text          0x00003a14       0x58 c:/program files (x86)/codesourcery/sourcery g++ lite/bin/../lib/gcc/arm-none-eabi/4.4.1/thumb2\libgcc.a(bpabi.o)
                0x00003a14                __gnu_uldivmod_helper
                0x00003a40                __gnu_ldivmod_helper
 .text          0x00003a6c        0x4 c:/program files (x86)/codesourcery/sourcery g++ lite/bin/../lib/gcc/arm-none-eabi/4.4.1/thumb2\libgcc.a(_dvmd_tls.o)
                0x00003a6c                __aeabi_idiv0
                0x00003a6c                __aeabi_ldiv0
 .text          0x00003a70      0x364 c:/program files (x86)/codesourcery/sourcery g++ lite/bin/../lib/gcc/arm-none-eabi/4.4.1/thumb2\libgcc.a(_divdi3.o)
                0x00003a70                __divdi3
 .text          0x00003dd4      0x300 c:/program files (x86)/codesourcery/sourcery g++ lite/bin/../lib/gcc/arm-none-eabi/4.4.1/thumb2\libgcc.a(_udivdi3.o)
                0x00003dd4                __udivdi3
 *fill*         0x000040d4        0x4 00
 .text          0x000040d8      0x278 c:/program files (x86)/codesourcery/sourcery g++ lite/bin/../lib/gcc/arm-none-eabi/4.4.1/thumb2\libgcc.a(_udivsi3.o)
                0x000040d8                __aeabi_uidiv
                0x000040d8                __udivsi3
                0x00004334                __aeabi_uidivmod
 *(.rodata*)
 .rodata        0x00004350       0x18 C:\cygwin\tmp\cckfB6fv.o
 .rodata.str1.1
                0x00004368       0xb7 C:\cygwin\tmp\cckfB6fv.o
 .rodata.str1.1
                0x0000441f       0x1a C:\cygwin\tmp\cccra1cg.o
 *fill*         0x00004439        0x3 00
 .rodata        0x0000443c      0x244 C:\cygwin\tmp\cc8xfdWR.o
 .rodata.g_pulXtals
                0x00004680       0x6c C:/StellarisWare/driverlib/gcc-cm3\libdriver-cm3.a(sysctl.o)
 .rodata.g_pulRCGCRegs
                0x000046ec        0xc C:/StellarisWare/driverlib/gcc-cm3\libdriver-cm3.a(sysctl.o)
 .rodata        0x000046f8        0x4 c:/program files (x86)/codesourcery/sourcery g++ lite/bin/../lib/gcc/arm-none-eabi/4.4.1/../../../../arm-none-eabi/lib/thumb2\libc.a(lib_a-impure.o)
                0x000046f8                _global_impure_ptr
 .rodata.str1.4
                0x000046fc        0x2 c:/program files (x86)/codesourcery/sourcery g++ lite/bin/../lib/gcc/arm-none-eabi/4.4.1/../../../../arm-none-eabi/lib/thumb2\libc.a(lib_a-impure.o)
                                  0x4 (size before relaxing)
 *fill*         0x000046fe        0x2 00
 .rodata        0x00004700       0x20 c:/program files (x86)/codesourcery/sourcery g++ lite/bin/../lib/gcc/arm-none-eabi/4.4.1/../../../../arm-none-eabi/lib/thumb2\libc.a(lib_a-vfiprintf.o)
 .rodata.str1.4
                0x00004720       0x30 c:/program files (x86)/codesourcery/sourcery g++ lite/bin/../lib/gcc/arm-none-eabi/4.4.1/../../../../arm-none-eabi/lib/thumb2\libc.a(lib_a-vfiprintf.o)
 .rodata        0x00004750       0x60 c:/program files (x86)/codesourcery/sourcery g++ lite/bin/../lib/gcc/arm-none-eabi/4.4.1/../../../../arm-none-eabi/lib/thumb2\libc.a(lib_a-findfp.o)
                0x00004750                __sf_fake_stdin
                0x00004770                __sf_fake_stdout
                0x00004790                __sf_fake_stderr

.glue_7         0x000047b0        0x0
 .glue_7        0x00000000        0x0 linker stubs

.glue_7t        0x000047b0        0x0
 .glue_7t       0x00000000        0x0 linker stubs

.vfp11_veneer   0x000047b0        0x0
 .vfp11_veneer  0x00000000        0x0 linker stubs

.v4_bx          0x000047b0        0x0
 .v4_bx         0x00000000        0x0 linker stubs

.fini           0x000047b0        0x4
 .fini          0x000047b0        0x4 c:/program files (x86)/codesourcery/sourcery g++ lite/bin/../lib/gcc/arm-none-eabi/4.4.1/thumb2/crti.o
                0x000047b0                _fini

.ARM.exidx      0x000047b4        0x8
 *(.ARM.exidx)
 .ARM.exidx     0x000047b4        0x8 c:/program files (x86)/codesourcery/sourcery g++ lite/bin/../lib/gcc/arm-none-eabi/4.4.1/thumb2\libgcc.a(_divdi3.o)
 .ARM.exidx     0x000047bc        0x0 c:/program files (x86)/codesourcery/sourcery g++ lite/bin/../lib/gcc/arm-none-eabi/4.4.1/thumb2\libgcc.a(_udivdi3.o)
                                  0x8 (size before relaxing)
                0x000047bc                _etext = .

.data           0x20000000      0x504 load address 0x000047bc
                0x20000000                _data = .
 *(vtable)
 *(.data*)
 .data          0x20000000       0xf4 c:/program files (x86)/codesourcery/sourcery g++ lite/bin/../lib/gcc/arm-none-eabi/4.4.1/../../../../arm-none-eabi/lib/thumb2\libc.a(lib_a-impure.o)
                0x20000000                _impure_ptr
 .data          0x200000f4      0x410 c:/program files (x86)/codesourcery/sourcery g++ lite/bin/../lib/gcc/arm-none-eabi/4.4.1/../../../../arm-none-eabi/lib/thumb2\libc.a(lib_a-mallocr.o)
                0x200000f4                __malloc_av_
                0x200004fc                __malloc_sbrk_base
                0x20000500                __malloc_trim_threshold
                0x20000504                _edata = .

.bss            0x20000504      0x1d4 load address 0x00004cc0
                0x20000504                _bss = .
 *(.bss*)
 .bss           0x20000504      0x188 C:\cygwin\tmp\cckfB6fv.o
 .bss           0x2000068c        0xc C:\cygwin\tmp\cc8xfdWR.o
 .bss           0x20000698       0x34 c:/program files (x86)/codesourcery/sourcery g++ lite/bin/../lib/gcc/arm-none-eabi/4.4.1/../../../../arm-none-eabi/lib/thumb2\libc.a(lib_a-mallocr.o)
                0x20000698                __malloc_top_pad
                0x2000069c                __malloc_current_mallinfo
                0x200006c4                __malloc_max_sbrked_mem
                0x200006c8                __malloc_max_total_mem
 *(COMMON)
 COMMON         0x200006cc        0x4 C:\cygwin\tmp\cckfB6fv.o
                0x200006cc                currThread
 COMMON         0x200006d0        0x4 C:\cygwin\tmp\cc0UzHlc.o
                0x200006d0                heap_end
 COMMON         0x200006d4        0x4 c:/program files (x86)/codesourcery/sourcery g++ lite/bin/../lib/gcc/arm-none-eabi/4.4.1/../../../../arm-none-eabi/lib/thumb2\libc.a(lib_a-reent.o)
                0x200006d4                errno
                0x200006d8                _ebss = .
                0x200006d8                end = .
OUTPUT(crsched.elf elf32-littlearm)

.ARM.attributes
                0x00000000       0x25
 .ARM.attributes
                0x00000000       0x19 c:/program files (x86)/codesourcery/sourcery g++ lite/bin/../lib/gcc/arm-none-eabi/4.4.1/thumb2/crti.o
 .ARM.attributes
                0x00000019       0x29 c:/program files (x86)/codesourcery/sourcery g++ lite/bin/../lib/gcc/arm-none-eabi/4.4.1/thumb2/crtbegin.o
 .ARM.attributes
                0x00000042       0x31 C:\cygwin\tmp\cckfB6fv.o
 .ARM.attributes
                0x00000073       0x1b C:\cygwin\tmp\ccyXlkyS.o
 .ARM.attributes
                0x0000008e       0x31 C:\cygwin\tmp\cccra1cg.o
 .ARM.attributes
                0x000000bf       0x31 C:\cygwin\tmp\ccabMp8G.o
 .ARM.attributes
                0x000000f0       0x31 C:\cygwin\tmp\cc0UzHlc.o
 .ARM.attributes
                0x00000121       0x31 C:\cygwin\tmp\cc8xfdWR.o
 .ARM.attributes
                0x00000152       0x31 C:/StellarisWare/driverlib/gcc-cm3\libdriver-cm3.a(gpio.o)
 .ARM.attributes
                0x00000183       0x31 C:/StellarisWare/driverlib/gcc-cm3\libdriver-cm3.a(interrupt.o)
 .ARM.attributes
                0x000001b4       0x31 C:/StellarisWare/driverlib/gcc-cm3\libdriver-cm3.a(ssi.o)
 .ARM.attributes
                0x000001e5       0x31 C:/StellarisWare/driverlib/gcc-cm3\libdriver-cm3.a(sysctl.o)
 .ARM.attributes
                0x00000216       0x31 C:/StellarisWare/driverlib/gcc-cm3\libdriver-cm3.a(uart.o)
 .ARM.attributes
                0x00000247       0x31 C:/StellarisWare/driverlib/gcc-cm3\libdriver-cm3.a(cpu.o)
 .ARM.attributes
                0x00000278       0x29 c:/program files (x86)/codesourcery/sourcery g++ lite/bin/../lib/gcc/arm-none-eabi/4.4.1/../../../../arm-none-eabi/lib/thumb2\libc.a(lib_a-errno.o)
 .ARM.attributes
                0x000002a1       0x29 c:/program files (x86)/codesourcery/sourcery g++ lite/bin/../lib/gcc/arm-none-eabi/4.4.1/../../../../arm-none-eabi/lib/thumb2\libc.a(lib_a-exit.o)
 .ARM.attributes
                0x000002ca       0x29 c:/program files (x86)/codesourcery/sourcery g++ lite/bin/../lib/gcc/arm-none-eabi/4.4.1/../../../../arm-none-eabi/lib/thumb2\libc.a(lib_a-impure.o)
 .ARM.attributes
                0x000002f3       0x29 c:/program files (x86)/codesourcery/sourcery g++ lite/bin/../lib/gcc/arm-none-eabi/4.4.1/../../../../arm-none-eabi/lib/thumb2\libc.a(lib_a-iprintf.o)
 .ARM.attributes
                0x0000031c       0x29 c:/program files (x86)/codesourcery/sourcery g++ lite/bin/../lib/gcc/arm-none-eabi/4.4.1/../../../../arm-none-eabi/lib/thumb2\libc.a(lib_a-malloc.o)
 .ARM.attributes
                0x00000345       0x29 c:/program files (x86)/codesourcery/sourcery g++ lite/bin/../lib/gcc/arm-none-eabi/4.4.1/../../../../arm-none-eabi/lib/thumb2\libc.a(lib_a-mallocr.o)
 .ARM.attributes
                0x0000036e       0x29 c:/program files (x86)/codesourcery/sourcery g++ lite/bin/../lib/gcc/arm-none-eabi/4.4.1/../../../../arm-none-eabi/lib/thumb2\libc.a(lib_a-memset.o)
 .ARM.attributes
                0x00000397       0x29 c:/program files (x86)/codesourcery/sourcery g++ lite/bin/../lib/gcc/arm-none-eabi/4.4.1/../../../../arm-none-eabi/lib/thumb2\libc.a(lib_a-mlock.o)
 .ARM.attributes
                0x000003c0       0x29 c:/program files (x86)/codesourcery/sourcery g++ lite/bin/../lib/gcc/arm-none-eabi/4.4.1/../../../../arm-none-eabi/lib/thumb2\libc.a(lib_a-sbrkr.o)
 .ARM.attributes
                0x000003e9       0x19 c:/program files (x86)/codesourcery/sourcery g++ lite/bin/../lib/gcc/arm-none-eabi/4.4.1/../../../../arm-none-eabi/lib/thumb2\libc.a(lib_a-setjmp.o)
 .ARM.attributes
                0x00000402       0x29 c:/program files (x86)/codesourcery/sourcery g++ lite/bin/../lib/gcc/arm-none-eabi/4.4.1/../../../../arm-none-eabi/lib/thumb2\libc.a(lib_a-vfiprintf.o)
 .ARM.attributes
                0x0000042b       0x29 c:/program files (x86)/codesourcery/sourcery g++ lite/bin/../lib/gcc/arm-none-eabi/4.4.1/../../../../arm-none-eabi/lib/thumb2\libc.a(lib_a-wsetup.o)
 .ARM.attributes
                0x00000454       0x29 c:/program files (x86)/codesourcery/sourcery g++ lite/bin/../lib/gcc/arm-none-eabi/4.4.1/../../../../arm-none-eabi/lib/thumb2\libc.a(lib_a-__call_atexit.o)
 .ARM.attributes
                0x0000047d       0x29 c:/program files (x86)/codesourcery/sourcery g++ lite/bin/../lib/gcc/arm-none-eabi/4.4.1/../../../../arm-none-eabi/lib/thumb2\libc.a(lib_a-atexit.o)
 .ARM.attributes
                0x000004a6       0x29 c:/program files (x86)/codesourcery/sourcery g++ lite/bin/../lib/gcc/arm-none-eabi/4.4.1/../../../../arm-none-eabi/lib/thumb2\libc.a(lib_a-fflush.o)
 .ARM.attributes
                0x000004cf       0x29 c:/program files (x86)/codesourcery/sourcery g++ lite/bin/../lib/gcc/arm-none-eabi/4.4.1/../../../../arm-none-eabi/lib/thumb2\libc.a(lib_a-findfp.o)
 .ARM.attributes
                0x000004f8       0x29 c:/program files (x86)/codesourcery/sourcery g++ lite/bin/../lib/gcc/arm-none-eabi/4.4.1/../../../../arm-none-eabi/lib/thumb2\libc.a(lib_a-fini.o)
 .ARM.attributes
                0x00000521       0x29 c:/program files (x86)/codesourcery/sourcery g++ lite/bin/../lib/gcc/arm-none-eabi/4.4.1/../../../../arm-none-eabi/lib/thumb2\libc.a(lib_a-freer.o)
 .ARM.attributes
                0x0000054a       0x29 c:/program files (x86)/codesourcery/sourcery g++ lite/bin/../lib/gcc/arm-none-eabi/4.4.1/../../../../arm-none-eabi/lib/thumb2\libc.a(lib_a-fvwrite.o)
 .ARM.attributes
                0x00000573       0x29 c:/program files (x86)/codesourcery/sourcery g++ lite/bin/../lib/gcc/arm-none-eabi/4.4.1/../../../../arm-none-eabi/lib/thumb2\libc.a(lib_a-fwalk.o)
 .ARM.attributes
                0x0000059c       0x29 c:/program files (x86)/codesourcery/sourcery g++ lite/bin/../lib/gcc/arm-none-eabi/4.4.1/../../../../arm-none-eabi/lib/thumb2\libc.a(lib_a-makebuf.o)
 .ARM.attributes
                0x000005c5       0x29 c:/program files (x86)/codesourcery/sourcery g++ lite/bin/../lib/gcc/arm-none-eabi/4.4.1/../../../../arm-none-eabi/lib/thumb2\libc.a(lib_a-memchr.o)
 .ARM.attributes
                0x000005ee       0x29 c:/program files (x86)/codesourcery/sourcery g++ lite/bin/../lib/gcc/arm-none-eabi/4.4.1/../../../../arm-none-eabi/lib/thumb2\libc.a(lib_a-memcpy.o)
 .ARM.attributes
                0x00000617       0x29 c:/program files (x86)/codesourcery/sourcery g++ lite/bin/../lib/gcc/arm-none-eabi/4.4.1/../../../../arm-none-eabi/lib/thumb2\libc.a(lib_a-memmove.o)
 .ARM.attributes
                0x00000640       0x29 c:/program files (x86)/codesourcery/sourcery g++ lite/bin/../lib/gcc/arm-none-eabi/4.4.1/../../../../arm-none-eabi/lib/thumb2\libc.a(lib_a-reallocr.o)
 .ARM.attributes
                0x00000669       0x29 c:/program files (x86)/codesourcery/sourcery g++ lite/bin/../lib/gcc/arm-none-eabi/4.4.1/../../../../arm-none-eabi/lib/thumb2\libc.a(lib_a-reent.o)
 .ARM.attributes
                0x00000692       0x29 c:/program files (x86)/codesourcery/sourcery g++ lite/bin/../lib/gcc/arm-none-eabi/4.4.1/../../../../arm-none-eabi/lib/thumb2\libc.a(lib_a-stdio.o)
 .ARM.attributes
                0x000006bb       0x29 c:/program files (x86)/codesourcery/sourcery g++ lite/bin/../lib/gcc/arm-none-eabi/4.4.1/../../../../arm-none-eabi/lib/thumb2\libc.a(lib_a-strlen.o)
 .ARM.attributes
                0x000006e4       0x29 c:/program files (x86)/codesourcery/sourcery g++ lite/bin/../lib/gcc/arm-none-eabi/4.4.1/../../../../arm-none-eabi/lib/thumb2\libc.a(lib_a-writer.o)
 .ARM.attributes
                0x0000070d       0x29 c:/program files (x86)/codesourcery/sourcery g++ lite/bin/../lib/gcc/arm-none-eabi/4.4.1/../../../../arm-none-eabi/lib/thumb2\libc.a(lib_a-__atexit.o)
 .ARM.attributes
                0x00000736       0x29 c:/program files (x86)/codesourcery/sourcery g++ lite/bin/../lib/gcc/arm-none-eabi/4.4.1/../../../../arm-none-eabi/lib/thumb2\libc.a(lib_a-closer.o)
 .ARM.attributes
                0x0000075f       0x29 c:/program files (x86)/codesourcery/sourcery g++ lite/bin/../lib/gcc/arm-none-eabi/4.4.1/../../../../arm-none-eabi/lib/thumb2\libc.a(lib_a-fclose.o)
 .ARM.attributes
                0x00000788       0x29 c:/program files (x86)/codesourcery/sourcery g++ lite/bin/../lib/gcc/arm-none-eabi/4.4.1/../../../../arm-none-eabi/lib/thumb2\libc.a(lib_a-fstatr.o)
 .ARM.attributes
                0x000007b1       0x29 c:/program files (x86)/codesourcery/sourcery g++ lite/bin/../lib/gcc/arm-none-eabi/4.4.1/../../../../arm-none-eabi/lib/thumb2\libc.a(lib_a-isattyr.o)
 .ARM.attributes
                0x000007da       0x29 c:/program files (x86)/codesourcery/sourcery g++ lite/bin/../lib/gcc/arm-none-eabi/4.4.1/../../../../arm-none-eabi/lib/thumb2\libc.a(lib_a-lseekr.o)
 .ARM.attributes
                0x00000803       0x29 c:/program files (x86)/codesourcery/sourcery g++ lite/bin/../lib/gcc/arm-none-eabi/4.4.1/../../../../arm-none-eabi/lib/thumb2\libc.a(lib_a-readr.o)
 .ARM.attributes
                0x0000082c       0x1b c:/program files (x86)/codesourcery/sourcery g++ lite/bin/../lib/gcc/arm-none-eabi/4.4.1/thumb2\libgcc.a(_aeabi_uldivmod.o)
 .ARM.attributes
                0x00000847       0x29 c:/program files (x86)/codesourcery/sourcery g++ lite/bin/../lib/gcc/arm-none-eabi/4.4.1/thumb2\libgcc.a(bpabi.o)
 .ARM.attributes
                0x00000870       0x1b c:/program files (x86)/codesourcery/sourcery g++ lite/bin/../lib/gcc/arm-none-eabi/4.4.1/thumb2\libgcc.a(_dvmd_tls.o)
 .ARM.attributes
                0x0000088b       0x29 c:/program files (x86)/codesourcery/sourcery g++ lite/bin/../lib/gcc/arm-none-eabi/4.4.1/thumb2\libgcc.a(_divdi3.o)
 .ARM.attributes
                0x000008b4       0x29 c:/program files (x86)/codesourcery/sourcery g++ lite/bin/../lib/gcc/arm-none-eabi/4.4.1/thumb2\libgcc.a(_udivdi3.o)
 .ARM.attributes
                0x000008dd       0x1b c:/program files (x86)/codesourcery/sourcery g++ lite/bin/../lib/gcc/arm-none-eabi/4.4.1/thumb2\libgcc.a(_udivsi3.o)
 .ARM.attributes
                0x000008f8       0x29 c:/program files (x86)/codesourcery/sourcery g++ lite/bin/../lib/gcc/arm-none-eabi/4.4.1/thumb2/crtend.o
 .ARM.attributes
                0x00000921       0x19 c:/program files (x86)/codesourcery/sourcery g++ lite/bin/../lib/gcc/arm-none-eabi/4.4.1/thumb2/crtn.o

.comment        0x00000000      0x102
 .comment       0x00000000       0x2b C:\cygwin\tmp\cckfB6fv.o
 .comment       0x0000002b       0x2b C:\cygwin\tmp\cccra1cg.o
 .comment       0x00000056       0x2b C:\cygwin\tmp\ccabMp8G.o
 .comment       0x00000081       0x2b C:\cygwin\tmp\cc0UzHlc.o
 .comment       0x000000ac       0x2b C:\cygwin\tmp\cc8xfdWR.o
 .comment       0x000000d7       0x2b C:/StellarisWare/driverlib/gcc-cm3\libdriver-cm3.a(gpio.o)
                                 0x2c (size before relaxing)
 .comment       0x00000000       0x2c C:/StellarisWare/driverlib/gcc-cm3\libdriver-cm3.a(interrupt.o)
 .comment       0x00000000       0x2c C:/StellarisWare/driverlib/gcc-cm3\libdriver-cm3.a(ssi.o)
 .comment       0x00000000       0x2c C:/StellarisWare/driverlib/gcc-cm3\libdriver-cm3.a(sysctl.o)
 .comment       0x00000000       0x2c C:/StellarisWare/driverlib/gcc-cm3\libdriver-cm3.a(uart.o)
 .comment       0x00000000       0x2c C:/StellarisWare/driverlib/gcc-cm3\libdriver-cm3.a(cpu.o)

.debug_abbrev   0x00000000      0x4eb
 .debug_abbrev  0x00000000      0x14f C:\cygwin\tmp\cckfB6fv.o
 .debug_abbrev  0x0000014f       0x14 C:\cygwin\tmp\ccyXlkyS.o
 .debug_abbrev  0x00000163       0x6a C:\cygwin\tmp\cccra1cg.o
 .debug_abbrev  0x000001cd       0xaa C:\cygwin\tmp\ccabMp8G.o
 .debug_abbrev  0x00000277      0x188 C:\cygwin\tmp\cc0UzHlc.o
 .debug_abbrev  0x000003ff       0xec C:\cygwin\tmp\cc8xfdWR.o

.debug_info     0x00000000      0xf52
 .debug_info    0x00000000      0x268 C:\cygwin\tmp\cckfB6fv.o
 .debug_info    0x00000268       0x59 C:\cygwin\tmp\ccyXlkyS.o
 .debug_info    0x000002c1       0xd1 C:\cygwin\tmp\cccra1cg.o
 .debug_info    0x00000392       0xf0 C:\cygwin\tmp\ccabMp8G.o
 .debug_info    0x00000482      0x6bb C:\cygwin\tmp\cc0UzHlc.o
 .debug_info    0x00000b3d      0x415 C:\cygwin\tmp\cc8xfdWR.o

.debug_line     0x00000000      0x4d5
 .debug_line    0x00000000      0x13c C:\cygwin\tmp\cckfB6fv.o
 .debug_line    0x0000013c       0x3b C:\cygwin\tmp\ccyXlkyS.o
 .debug_line    0x00000177       0x59 C:\cygwin\tmp\cccra1cg.o
 .debug_line    0x000001d0       0x51 C:\cygwin\tmp\ccabMp8G.o
 .debug_line    0x00000221      0x13c C:\cygwin\tmp\cc0UzHlc.o
 .debug_line    0x0000035d      0x178 C:\cygwin\tmp\cc8xfdWR.o

.debug_loc      0x00000000      0x6c3
 .debug_loc     0x00000000      0x113 C:\cygwin\tmp\cckfB6fv.o
 .debug_loc     0x00000113       0x3e C:\cygwin\tmp\cccra1cg.o
 .debug_loc     0x00000151      0x230 C:\cygwin\tmp\cc0UzHlc.o
 .debug_loc     0x00000381      0x342 C:\cygwin\tmp\cc8xfdWR.o

.debug_pubnames
                0x00000000      0x2a7
 .debug_pubnames
                0x00000000       0x7c C:\cygwin\tmp\cckfB6fv.o
 .debug_pubnames
                0x0000007c       0x2a C:\cygwin\tmp\cccra1cg.o
 .debug_pubnames
                0x000000a6       0x30 C:\cygwin\tmp\ccabMp8G.o
 .debug_pubnames
                0x000000d6      0x103 C:\cygwin\tmp\cc0UzHlc.o
 .debug_pubnames
                0x000001d9       0xce C:\cygwin\tmp\cc8xfdWR.o

.debug_aranges  0x00000000       0xc0
 .debug_aranges
                0x00000000       0x20 C:\cygwin\tmp\cckfB6fv.o
 .debug_aranges
                0x00000020       0x20 C:\cygwin\tmp\ccyXlkyS.o
 .debug_aranges
                0x00000040       0x20 C:\cygwin\tmp\cccra1cg.o
 .debug_aranges
                0x00000060       0x20 C:\cygwin\tmp\ccabMp8G.o
 .debug_aranges
                0x00000080       0x20 C:\cygwin\tmp\cc0UzHlc.o
 .debug_aranges
                0x000000a0       0x20 C:\cygwin\tmp\cc8xfdWR.o

.debug_str      0x00000000      0x5ad
 .debug_str     0x00000000      0x145 C:\cygwin\tmp\cckfB6fv.o
                                0x17e (size before relaxing)
 .debug_str     0x00000145       0x20 C:\cygwin\tmp\cccra1cg.o
                                 0xe7 (size before relaxing)
 .debug_str     0x00000165       0x68 C:\cygwin\tmp\ccabMp8G.o
                                 0xad (size before relaxing)
 .debug_str     0x000001cd      0x228 C:\cygwin\tmp\cc0UzHlc.o
                                0x30f (size before relaxing)
 .debug_str     0x000003f5      0x1b8 C:\cygwin\tmp\cc8xfdWR.o
                                0x22a (size before relaxing)

.debug_frame    0x00000000      0xd40
 .debug_frame   0x00000000       0xbc C:\cygwin\tmp\cckfB6fv.o
 .debug_frame   0x000000bc       0x40 C:\cygwin\tmp\cccra1cg.o
 .debug_frame   0x000000fc       0x50 C:\cygwin\tmp\ccabMp8G.o
 .debug_frame   0x0000014c      0x170 C:\cygwin\tmp\cc0UzHlc.o
 .debug_frame   0x000002bc      0x134 C:\cygwin\tmp\cc8xfdWR.o
 .debug_frame   0x000003f0       0x20 c:/program files (x86)/codesourcery/sourcery g++ lite/bin/../lib/gcc/arm-none-eabi/4.4.1/../../../../arm-none-eabi/lib/thumb2\libc.a(lib_a-errno.o)
 .debug_frame   0x00000410       0x28 c:/program files (x86)/codesourcery/sourcery g++ lite/bin/../lib/gcc/arm-none-eabi/4.4.1/../../../../arm-none-eabi/lib/thumb2\libc.a(lib_a-exit.o)
 .debug_frame   0x00000438       0x5c c:/program files (x86)/codesourcery/sourcery g++ lite/bin/../lib/gcc/arm-none-eabi/4.4.1/../../../../arm-none-eabi/lib/thumb2\libc.a(lib_a-iprintf.o)
 .debug_frame   0x00000494       0x30 c:/program files (x86)/codesourcery/sourcery g++ lite/bin/../lib/gcc/arm-none-eabi/4.4.1/../../../../arm-none-eabi/lib/thumb2\libc.a(lib_a-malloc.o)
 .debug_frame   0x000004c4       0x3c c:/program files (x86)/codesourcery/sourcery g++ lite/bin/../lib/gcc/arm-none-eabi/4.4.1/../../../../arm-none-eabi/lib/thumb2\libc.a(lib_a-mallocr.o)
 .debug_frame   0x00000500       0x28 c:/program files (x86)/codesourcery/sourcery g++ lite/bin/../lib/gcc/arm-none-eabi/4.4.1/../../../../arm-none-eabi/lib/thumb2\libc.a(lib_a-memset.o)
 .debug_frame   0x00000528       0x30 c:/program files (x86)/codesourcery/sourcery g++ lite/bin/../lib/gcc/arm-none-eabi/4.4.1/../../../../arm-none-eabi/lib/thumb2\libc.a(lib_a-mlock.o)
 .debug_frame   0x00000558       0x2c c:/program files (x86)/codesourcery/sourcery g++ lite/bin/../lib/gcc/arm-none-eabi/4.4.1/../../../../arm-none-eabi/lib/thumb2\libc.a(lib_a-sbrkr.o)
 .debug_frame   0x00000584       0x70 c:/program files (x86)/codesourcery/sourcery g++ lite/bin/../lib/gcc/arm-none-eabi/4.4.1/../../../../arm-none-eabi/lib/thumb2\libc.a(lib_a-vfiprintf.o)
 .debug_frame   0x000005f4       0x2c c:/program files (x86)/codesourcery/sourcery g++ lite/bin/../lib/gcc/arm-none-eabi/4.4.1/../../../../arm-none-eabi/lib/thumb2\libc.a(lib_a-wsetup.o)
 .debug_frame   0x00000620       0x4c c:/program files (x86)/codesourcery/sourcery g++ lite/bin/../lib/gcc/arm-none-eabi/4.4.1/../../../../arm-none-eabi/lib/thumb2\libc.a(lib_a-__call_atexit.o)
 .debug_frame   0x0000066c       0x20 c:/program files (x86)/codesourcery/sourcery g++ lite/bin/../lib/gcc/arm-none-eabi/4.4.1/../../../../arm-none-eabi/lib/thumb2\libc.a(lib_a-atexit.o)
 .debug_frame   0x0000068c       0x40 c:/program files (x86)/codesourcery/sourcery g++ lite/bin/../lib/gcc/arm-none-eabi/4.4.1/../../../../arm-none-eabi/lib/thumb2\libc.a(lib_a-fflush.o)
 .debug_frame   0x000006cc      0x11c c:/program files (x86)/codesourcery/sourcery g++ lite/bin/../lib/gcc/arm-none-eabi/4.4.1/../../../../arm-none-eabi/lib/thumb2\libc.a(lib_a-findfp.o)
 .debug_frame   0x000007e8       0x2c c:/program files (x86)/codesourcery/sourcery g++ lite/bin/../lib/gcc/arm-none-eabi/4.4.1/../../../../arm-none-eabi/lib/thumb2\libc.a(lib_a-fini.o)
 .debug_frame   0x00000814       0x50 c:/program files (x86)/codesourcery/sourcery g++ lite/bin/../lib/gcc/arm-none-eabi/4.4.1/../../../../arm-none-eabi/lib/thumb2\libc.a(lib_a-freer.o)
 .debug_frame   0x00000864       0x3c c:/program files (x86)/codesourcery/sourcery g++ lite/bin/../lib/gcc/arm-none-eabi/4.4.1/../../../../arm-none-eabi/lib/thumb2\libc.a(lib_a-fvwrite.o)
 .debug_frame   0x000008a0       0x54 c:/program files (x86)/codesourcery/sourcery g++ lite/bin/../lib/gcc/arm-none-eabi/4.4.1/../../../../arm-none-eabi/lib/thumb2\libc.a(lib_a-fwalk.o)
 .debug_frame   0x000008f4       0x34 c:/program files (x86)/codesourcery/sourcery g++ lite/bin/../lib/gcc/arm-none-eabi/4.4.1/../../../../arm-none-eabi/lib/thumb2\libc.a(lib_a-makebuf.o)
 .debug_frame   0x00000928       0x28 c:/program files (x86)/codesourcery/sourcery g++ lite/bin/../lib/gcc/arm-none-eabi/4.4.1/../../../../arm-none-eabi/lib/thumb2\libc.a(lib_a-memchr.o)
 .debug_frame   0x00000950       0x34 c:/program files (x86)/codesourcery/sourcery g++ lite/bin/../lib/gcc/arm-none-eabi/4.4.1/../../../../arm-none-eabi/lib/thumb2\libc.a(lib_a-memcpy.o)
 .debug_frame   0x00000984       0x2c c:/program files (x86)/codesourcery/sourcery g++ lite/bin/../lib/gcc/arm-none-eabi/4.4.1/../../../../arm-none-eabi/lib/thumb2\libc.a(lib_a-memmove.o)
 .debug_frame   0x000009b0       0x3c c:/program files (x86)/codesourcery/sourcery g++ lite/bin/../lib/gcc/arm-none-eabi/4.4.1/../../../../arm-none-eabi/lib/thumb2\libc.a(lib_a-reallocr.o)
 .debug_frame   0x000009ec       0x64 c:/program files (x86)/codesourcery/sourcery g++ lite/bin/../lib/gcc/arm-none-eabi/4.4.1/../../../../arm-none-eabi/lib/thumb2\libc.a(lib_a-reent.o)
 .debug_frame   0x00000a50       0x70 c:/program files (x86)/codesourcery/sourcery g++ lite/bin/../lib/gcc/arm-none-eabi/4.4.1/../../../../arm-none-eabi/lib/thumb2\libc.a(lib_a-stdio.o)
 .debug_frame   0x00000ac0       0x20 c:/program files (x86)/codesourcery/sourcery g++ lite/bin/../lib/gcc/arm-none-eabi/4.4.1/../../../../arm-none-eabi/lib/thumb2\libc.a(lib_a-strlen.o)
 .debug_frame   0x00000ae0       0x2c c:/program files (x86)/codesourcery/sourcery g++ lite/bin/../lib/gcc/arm-none-eabi/4.4.1/../../../../arm-none-eabi/lib/thumb2\libc.a(lib_a-writer.o)
 .debug_frame   0x00000b0c       0x34 c:/program files (x86)/codesourcery/sourcery g++ lite/bin/../lib/gcc/arm-none-eabi/4.4.1/../../../../arm-none-eabi/lib/thumb2\libc.a(lib_a-__atexit.o)
 .debug_frame   0x00000b40       0x2c c:/program files (x86)/codesourcery/sourcery g++ lite/bin/../lib/gcc/arm-none-eabi/4.4.1/../../../../arm-none-eabi/lib/thumb2\libc.a(lib_a-closer.o)
 .debug_frame   0x00000b6c       0x3c c:/program files (x86)/codesourcery/sourcery g++ lite/bin/../lib/gcc/arm-none-eabi/4.4.1/../../../../arm-none-eabi/lib/thumb2\libc.a(lib_a-fclose.o)
 .debug_frame   0x00000ba8       0x2c c:/program files (x86)/codesourcery/sourcery g++ lite/bin/../lib/gcc/arm-none-eabi/4.4.1/../../../../arm-none-eabi/lib/thumb2\libc.a(lib_a-fstatr.o)
 .debug_frame   0x00000bd4       0x2c c:/program files (x86)/codesourcery/sourcery g++ lite/bin/../lib/gcc/arm-none-eabi/4.4.1/../../../../arm-none-eabi/lib/thumb2\libc.a(lib_a-isattyr.o)
 .debug_frame   0x00000c00       0x2c c:/program files (x86)/codesourcery/sourcery g++ lite/bin/../lib/gcc/arm-none-eabi/4.4.1/../../../../arm-none-eabi/lib/thumb2\libc.a(lib_a-lseekr.o)
 .debug_frame   0x00000c2c       0x2c c:/program files (x86)/codesourcery/sourcery g++ lite/bin/../lib/gcc/arm-none-eabi/4.4.1/../../../../arm-none-eabi/lib/thumb2\libc.a(lib_a-readr.o)
 .debug_frame   0x00000c58       0x50 c:/program files (x86)/codesourcery/sourcery g++ lite/bin/../lib/gcc/arm-none-eabi/4.4.1/thumb2\libgcc.a(bpabi.o)
 .debug_frame   0x00000ca8       0x3c c:/program files (x86)/codesourcery/sourcery g++ lite/bin/../lib/gcc/arm-none-eabi/4.4.1/thumb2\libgcc.a(_divdi3.o)
 .debug_frame   0x00000ce4       0x3c c:/program files (x86)/codesourcery/sourcery g++ lite/bin/../lib/gcc/arm-none-eabi/4.4.1/thumb2\libgcc.a(_udivdi3.o)
 .debug_frame   0x00000d20       0x20 c:/program files (x86)/codesourcery/sourcery g++ lite/bin/../lib/gcc/arm-none-eabi/4.4.1/thumb2\libgcc.a(_udivsi3.o)
